# file opened: sna2tapldr.asm
  1   0000              	DEVICE ZXSPECTRUM48
  2   0000
  3   0000              Loader			EQU 16384
  4   0000              ScrDelta		EQU	5
  5   0000              StackEntries	EQU 5
  6   0000
  7   0000              	ORG	Loader - (StartFixed-Start)
  8   3F99
  9   3F99              Start:
 10   3F99              	;Clear screen to hide our code.
 11   3F99 C5           	push	bc
 12   3F9A 21 00 58     		ld		hl, 16384+6144
 13   3F9D 54           		ld		d, h
 14   3F9E 5D           		ld		e, l
 15   3F9F 13           		inc		de
 16   3FA0 AF           		xor		a
 17   3FA1 77           		ld		(hl), a
 18   3FA2 01 FF 02     		ld		bc, 767
 19   3FA5 ED B0        		ldir
 20   3FA7 D3 FE        		out		($fe), a
 21   3FA9 C1           	pop		bc
 22   3FAA C5           	push	bc
 23   3FAB C5           		push	bc
 24   3FAC AF           			xor		a
 25   3FAD CD 01 16     			call	$1601
 26   3FB0 C1           		pop		bc
 27   3FB1 21 27 00     		ld		hl, Msg - Start
 28   3FB4 09           		add		hl, bc
 29   3FB5 06 25        		ld		b, MsgLen
 30   3FB7              PrintMsgLoop:
 31   3FB7 7E           		ld		a, (hl)
 32   3FB8 D7           		rst		$10
 33   3FB9 23           		inc		hl
 34   3FBA 76           		halt
 35   3FBB 10 FA        		djnz	PrintMsgLoop
 36   3FBD C1           	pop		bc
 37   3FBE 18 25        	jr		Msg + MsgLen
 38   3FC0 0D 10 00 11  Msg	defb	13, 16, 0, 17, 2, " -=SNAP2TAP/HCDisk/0s&1s/2026=- "
 38   3FC4 02 20 2D 3D
 38   3FC8 53 4E 41 50
 38   3FCC 32 54 41 50
 38   3FD0 2F 48 43 44
 38   3FD4 69 73 6B 2F
 38   3FD8 30 73 26 31
 38   3FDC 73 2F 32 30
 38   3FE0 32 36 3D 2D
 38   3FE4 20
 39   3FE5              MsgLen equ	$ - Msg
 40   3FE5
 41   3FE5 F3           	di
 42   3FE6 31 F1 40     	ld		sp, Stack
 43   3FE9
 44   3FE9              	;Copy fixed code to start of screen.
 45   3FE9 21 67 00     	ld		hl, StartFixed-Start
 46   3FEC 09           	add		hl, bc				;BC = randomize usr address from BASIC
 47   3FED 11 00 40     	ld		de, StartFixed
 48   3FF0 01 F1 00     	ld		bc, End-StartFixed
 49   3FF3 ED B0        	ldir
 50   3FF5
 51   3FF5              	;HL = start of screen compressed block
 52   3FF5 ED 4B C2 40  	ld		bc, (PackedLenScr)
 53   3FF9 ED B0        	ldir
 54   3FFB 1B           	dec		de
 55   3FFC D5           	push	de			;Save end of compressed screen
 56   3FFD C3 45 40     		jp		Unpack
 57   4000
 58   4000              StartFixed:
 59   4000              Decompress:
 60   4000              	include "dzx0_standard_back.asm"
# file opened: dzx0_standard_back.asm
  1+  4000              ; -----------------------------------------------------------------------------
  2+  4000              ; ZX0 decoder by Einar Saukas
  3+  4000              ; "Standard" version (69 bytes only) - BACKWARDS VARIANT
  4+  4000              ; -----------------------------------------------------------------------------
  5+  4000              ; Parameters:
  6+  4000              ;   HL: last source address (compressed data)
  7+  4000              ;   DE: last destination address (decompressing)
  8+  4000              ; -----------------------------------------------------------------------------
  9+  4000
 10+  4000              dzx0_standard_back:
 11+  4000 01 01 00             ld      bc, 1                   ; preserve default offset 1
 12+  4003 C5                   push    bc
 13+  4004 3E 80                ld      a, $80
 14+  4006              dzx0sb_literals:
 15+  4006 CD 3C 40             call    dzx0sb_elias            ; obtain length
 16+  4009 ED B8                lddr                            ; copy literals
 17+  400B 0C                   inc     c
 18+  400C 87                   add     a, a                    ; copy from last offset or new offset?
 19+  400D 38 0E                jr      c, dzx0sb_new_offset
 20+  400F CD 3C 40             call    dzx0sb_elias            ; obtain length
 21+  4012              dzx0sb_copy:
 22+  4012 E3                   ex      (sp), hl                ; preserve source, restore offset
 23+  4013 E5                   push    hl                      ; preserve offset
 24+  4014 19                   add     hl, de                  ; calculate destination - offset
 25+  4015 ED B8                lddr                            ; copy from offset
 26+  4017 0C                   inc     c
 27+  4018 E1                   pop     hl                      ; restore offset
 28+  4019 E3                   ex      (sp), hl                ; preserve offset, restore source
 29+  401A 87                   add     a, a                    ; copy from literals or new offset?
 30+  401B 30 E9                jr      nc, dzx0sb_literals
 31+  401D              dzx0sb_new_offset:
 32+  401D 33                   inc     sp                      ; discard last offset
 33+  401E 33                   inc     sp
 34+  401F CD 3C 40             call    dzx0sb_elias            ; obtain offset MSB
 35+  4022 05                   dec     b
 36+  4023 C8                   ret     z                       ; check end marker
 37+  4024 0D                   dec     c                       ; adjust for positive offset
 38+  4025 41                   ld      b, c
 39+  4026 4E                   ld      c, (hl)                 ; obtain offset LSB
 40+  4027 2B                   dec     hl
 41+  4028 CB 38                srl     b                       ; last offset bit becomes first length bit
 42+  402A CB 19                rr      c
 43+  402C 03                   inc     bc
 44+  402D C5                   push    bc                      ; preserve new offset
 45+  402E 01 01 00             ld      bc, 1                   ; obtain length
 46+  4031 DC 37 40             call    c, dzx0sb_elias_backtrack
 47+  4034 03                   inc     bc
 48+  4035 18 DB                jr      dzx0sb_copy
 49+  4037              dzx0sb_elias_backtrack:
 50+  4037 87                   add     a, a
 51+  4038 CB 11                rl      c
 52+  403A CB 10                rl      b
 53+  403C              dzx0sb_elias:
 54+  403C 87                   add     a, a                    ; inverted interlaced Elias gamma coding
 55+  403D 20 03                jr      nz, dzx0sb_elias_skip
 56+  403F 7E                   ld      a, (hl)                 ; load another group of 8 bits
 57+  4040 2B                   dec     hl
 58+  4041 17                   rla
 59+  4042              dzx0sb_elias_skip:
 60+  4042 38 F3                jr      c, dzx0sb_elias_backtrack
 61+  4044 C9                   ret
 62+  4045              ; -----------------------------------------------------------------------------
 63+  4045
# file closed: dzx0_standard_back.asm
 61   4045
 62   4045              Unpack:
 63   4045              		;Move main block lower in RAM to avoid overwriting when unpacking.
 64   4045              		;HL = start of main compressed block
 65   4045 ED 4B C4 40  		ld		bc, (PackedLenMain)
 66   4049 11 00 5B     		ld		de, $5B00		;Start main block after screen area, to avoid visible artefacts during decompression.
 67   404C ED B0        		ldir
 68   404E EB           		ex		de, hl
 69   404F 2B           		dec		hl
 70   4050 11 FF FF     		ld		de, $FFFF
 71   4053 CD 00 40     		call	Decompress
 72   4056
 73   4056              	;Unpack screen
 74   4056 E1           	pop		hl
 75   4057 11 05 5B     	ld		de, $5B00 + 5		;Include main block delta.
 76   405A CD 00 40     	call	Decompress
 77   405D
 78   405D              ;-----------------------------------------------------------------------------
 79   405D
 80   405D              ; 0s&1s: Snapshot state restore implementation is based on the implementation specified below.
 81   405D              ; Snapshot loader for the Spectrum +3
 82   405D              ; Copyright 2005 John Elliott <jce@seasip.demon.co.uk>
 83   405D
 84   405D
 85   405D              ;restore registers
 86   405D              ; Load the registers from the SNA header. Do this by pointing SP at HL' and
 87   405D              ; popping them off.
 88   405D
 89   405D 31 CD 40     	ld	sp, REG_HL1
 90   4060 E1           	pop	hl
 91   4061 D1           	pop	de
 92   4062 C1           	pop	bc
 93   4063 F1           	pop	af
 94   4064 08           	ex	af,af'
 95   4065 D9           	exx			;Alternates done
 96   4066 E1           	pop	hl
 97   4067 D1           	pop	de
 98   4068 C1           	pop	bc
 99   4069 FD E1        	pop	iy
100   406B DD E1        	pop	ix
101   406D F1           	pop	af		;IFF and R ignore.
102   406E
103   406E 3A E6 40     	ld	a, (REG_BDR)
104   4071 D3 FE        	out	($FE), a
105   4073
106   4073 3A CA 40     	ld	a, (InstrIM)
107   4076 32 7A 40     	ld	(SetIM), a
108   4079              SetIM EQU $+1
109   4079 ED 46        	im	0
110   407B
111   407B 3A CC 40     	ld	a,(REG_I)	;Retrieve I and R
112   407E ED 47        	ld	i,a
113   4080 3A E0 40     	ld	a,(REG_R)
114   4083 ED 4F        	ld	r,a
115   4085
116   4085 3A CB 40     	ld	a, (InstrDIEI)
117   4088 32 BF 40     	ld	(finalDIEI),a	;Stored interrupt state
118   408B
119   408B F1           	pop		af
120   408C ED 7B E3 40  	ld		sp, (REG_SP)
121   4090
122   4090              ;---------------------------------------------------------------------------
123   4090
124   4090              	;Move final stage code to game stack and restore screen part used by code.
125   4090 E5           	push	hl
126   4091 D5           	push	de
127   4092 C5           	push	bc
128   4093 F5           	push	af
129   4094
130   4094 2A E3 40     	ld		hl, (REG_SP)
131   4097 01 DA FF     	ld		bc, FinalStageStart - FinalStageEnd - 5*2
132   409A 09           	add		hl, bc
133   409B EB           	ex		de, hl
134   409C 21 A6 40     	ld		hl, FinalStageStart
135   409F D5           	push	de
136   40A0 01 1C 00     	ld		bc, FinalStageEnd - FinalStageStart
137   40A3 ED B0        	ldir
138   40A5 C9           	ret
139   40A6
140   40A6              FinalStageStart:
141   40A6 2A C6 40     	ld		hl, (GapAddr)
142   40A9 3A C9 40     	ld		a, (GapValue)
143   40AC 4F           	ld		c, a
144   40AD 11 00 40     	ld		de, 16384
145   40B0 3A C8 40     	ld		a, (GapLen)
146   40B3 47           	ld		b, a
147   40B4
148   40B4              RestoreGap:
149   40B4 7E           	ld		a, (hl)
150   40B5 12           	ld		(de), a
151   40B6 71           	ld		(hl), c
152   40B7 23           	inc		hl
153   40B8 13           	inc		de
154   40B9 10 F9        	djnz	RestoreGap
155   40BB
156   40BB F1           	pop		af
157   40BC C1           	pop		bc
158   40BD D1           	pop		de
159   40BE E1           	pop		hl
160   40BF
161   40BF              finalDIEI:
162   40BF 00           	nop				;Is set to EI or DI by stage 2 loader.
163   40C0 ED 45        	retn			;Retrieves snapshot PC.
164   40C2              FinalStageEnd:
165   40C2
166   40C2              ;---------------------------------------------------------------------
167   40C2
168   40C2 00 00        PackedLenScr	DW 0
169   40C4 00 00        PackedLenMain	DW 0
170   40C6 00 00        GapAddr			DW 0
171   40C8 00           GapLen			DB 0
172   40C9 00           GapValue		DB 0
173   40CA 00           InstrIM			DB 0
174   40CB 00           InstrDIEI		DB 0
175   40CC
176   40CC 00           REG_I		DB 0
177   40CD 00 00        REG_HL1		DW 0
178   40CF 00 00        REG_DE1		DW 0
179   40D1 00 00        REG_BC1		DW 0
180   40D3 00 00        REG_AF1		DW 0
181   40D5 00 00        REG_HL		DW 0
182   40D7 00 00        REG_DE		DW 0
183   40D9 00 00        REG_BC		DW 0
184   40DB 00 00        REG_IY		DW 0
185   40DD 00 00        REG_IX		DW 0
186   40DF 00           REG_IFF		DB 0
187   40E0 00           REG_R		DB 0
188   40E1 00 00        REG_AF		DW 0
189   40E3 00 00        REG_SP		DW 0
190   40E5 00           REG_IM		DB 0
191   40E6 00           REG_BDR		DB 0
192   40E7
193   40E7 00 00 00...  	BLOCK StackEntries * 2
194   40F1              Stack:
195   40F1
196   40F1              End:
# file closed: sna2tapldr.asm
