# file opened: sna2tapldr.asm
  1   0000              	DEVICE ZXSPECTRUM48
  2   0000
  3   0000              Loader			EQU 16384
  4   0000              ScrDelta		EQU	5
  5   0000              StackEntries	EQU 5
  6   0000
  7   0000              	ORG	Loader - (StartFixed-Start)
  8   3F97
  9   3F97              Start:
 10   3F97              	;Clear screen to hide our code.
 11   3F97 C5           	push	bc
 12   3F98 21 00 58     		ld		hl, 16384+6144
 13   3F9B 54           		ld		d, h
 14   3F9C 5D           		ld		e, l
 15   3F9D 13           		inc		de
 16   3F9E AF           		xor		a
 17   3F9F 77           		ld		(hl), a
 18   3FA0 01 FF 02     		ld		bc, 767
 19   3FA3 ED B0        		ldir
 20   3FA5 D3 FE        		out		($fe), a
 21   3FA7 C1           	pop		bc
 22   3FA8
 23   3FA8 00           	nop
 24   3FA9 00           	nop
 25   3FAA
 26   3FAA C5           	push	bc
 27   3FAB C5           		push	bc
 28   3FAC AF           			xor		a
 29   3FAD CD 01 16     			call	$1601
 30   3FB0 C1           		pop		bc
 31   3FB1 21 29 00     		ld		hl, Msg - Start
 32   3FB4 09           		add		hl, bc
 33   3FB5 06 25        		ld		b, MsgLen
 34   3FB7              PrintMsgLoop:
 35   3FB7 7E           		ld		a, (hl)
 36   3FB8 D7           		rst		$10
 37   3FB9 23           		inc		hl
 38   3FBA 76           		halt
 39   3FBB 10 FA        		djnz	PrintMsgLoop
 40   3FBD C1           	pop		bc
 41   3FBE 18 25        	jr		Msg + MsgLen
 42   3FC0 0D 10 00 11  Msg	defb	13, 16, 0, 17, 2, " -=SNAP2TAP/HCDisk/0s&1s/2026=- "
 42   3FC4 02 20 2D 3D
 42   3FC8 53 4E 41 50
 42   3FCC 32 54 41 50
 42   3FD0 2F 48 43 44
 42   3FD4 69 73 6B 2F
 42   3FD8 30 73 26 31
 42   3FDC 73 2F 32 30
 42   3FE0 32 36 3D 2D
 42   3FE4 20
 43   3FE5              MsgLen equ	$ - Msg
 44   3FE5
 45   3FE5              NoMsg:
 46   3FE5 F3           	di
 47   3FE6 31 F1 40     	ld		sp, Stack
 48   3FE9
 49   3FE9              	;Copy fixed code to start of screen.
 50   3FE9 21 69 00     	ld		hl, StartFixed-Start
 51   3FEC 09           	add		hl, bc				;BC = randomize usr address from BASIC
 52   3FED 11 00 40     	ld		de, StartFixed
 53   3FF0 01 F1 00     	ld		bc, End-StartFixed
 54   3FF3 ED B0        	ldir
 55   3FF5
 56   3FF5              	;HL = start of screen compressed block
 57   3FF5 ED 4B C2 40  	ld		bc, (PackedLenScr)
 58   3FF9 ED B0        	ldir
 59   3FFB 1B           	dec		de
 60   3FFC D5           	push	de			;Save end of compressed screen
 61   3FFD C3 45 40     		jp		Unpack
 62   4000
 63   4000              StartFixed:
 64   4000              Decompress:
 65   4000              	include "dzx0_standard_back.asm"
# file opened: dzx0_standard_back.asm
  1+  4000              ; -----------------------------------------------------------------------------
  2+  4000              ; ZX0 decoder by Einar Saukas
  3+  4000              ; "Standard" version (69 bytes only) - BACKWARDS VARIANT
  4+  4000              ; -----------------------------------------------------------------------------
  5+  4000              ; Parameters:
  6+  4000              ;   HL: last source address (compressed data)
  7+  4000              ;   DE: last destination address (decompressing)
  8+  4000              ; -----------------------------------------------------------------------------
  9+  4000
 10+  4000              dzx0_standard_back:
 11+  4000 01 01 00             ld      bc, 1                   ; preserve default offset 1
 12+  4003 C5                   push    bc
 13+  4004 3E 80                ld      a, $80
 14+  4006              dzx0sb_literals:
 15+  4006 CD 3C 40             call    dzx0sb_elias            ; obtain length
 16+  4009 ED B8                lddr                            ; copy literals
 17+  400B 0C                   inc     c
 18+  400C 87                   add     a, a                    ; copy from last offset or new offset?
 19+  400D 38 0E                jr      c, dzx0sb_new_offset
 20+  400F CD 3C 40             call    dzx0sb_elias            ; obtain length
 21+  4012              dzx0sb_copy:
 22+  4012 E3                   ex      (sp), hl                ; preserve source, restore offset
 23+  4013 E5                   push    hl                      ; preserve offset
 24+  4014 19                   add     hl, de                  ; calculate destination - offset
 25+  4015 ED B8                lddr                            ; copy from offset
 26+  4017 0C                   inc     c
 27+  4018 E1                   pop     hl                      ; restore offset
 28+  4019 E3                   ex      (sp), hl                ; preserve offset, restore source
 29+  401A 87                   add     a, a                    ; copy from literals or new offset?
 30+  401B 30 E9                jr      nc, dzx0sb_literals
 31+  401D              dzx0sb_new_offset:
 32+  401D 33                   inc     sp                      ; discard last offset
 33+  401E 33                   inc     sp
 34+  401F CD 3C 40             call    dzx0sb_elias            ; obtain offset MSB
 35+  4022 05                   dec     b
 36+  4023 C8                   ret     z                       ; check end marker
 37+  4024 0D                   dec     c                       ; adjust for positive offset
 38+  4025 41                   ld      b, c
 39+  4026 4E                   ld      c, (hl)                 ; obtain offset LSB
 40+  4027 2B                   dec     hl
 41+  4028 CB 38                srl     b                       ; last offset bit becomes first length bit
 42+  402A CB 19                rr      c
 43+  402C 03                   inc     bc
 44+  402D C5                   push    bc                      ; preserve new offset
 45+  402E 01 01 00             ld      bc, 1                   ; obtain length
 46+  4031 DC 37 40             call    c, dzx0sb_elias_backtrack
 47+  4034 03                   inc     bc
 48+  4035 18 DB                jr      dzx0sb_copy
 49+  4037              dzx0sb_elias_backtrack:
 50+  4037 87                   add     a, a
 51+  4038 CB 11                rl      c
 52+  403A CB 10                rl      b
 53+  403C              dzx0sb_elias:
 54+  403C 87                   add     a, a                    ; inverted interlaced Elias gamma coding
 55+  403D 20 03                jr      nz, dzx0sb_elias_skip
 56+  403F 7E                   ld      a, (hl)                 ; load another group of 8 bits
 57+  4040 2B                   dec     hl
 58+  4041 17                   rla
 59+  4042              dzx0sb_elias_skip:
 60+  4042 38 F3                jr      c, dzx0sb_elias_backtrack
 61+  4044 C9                   ret
 62+  4045              ; -----------------------------------------------------------------------------
 63+  4045
# file closed: dzx0_standard_back.asm
 66   4045
 67   4045              Unpack:
 68   4045              		;Move main block lower in RAM to avoid overwriting when unpacking.
 69   4045              		;HL = start of main compressed block
 70   4045 ED 4B C4 40  		ld		bc, (PackedLenMain)
 71   4049 11 00 5B     		ld		de, $5B00		;Start main block after screen area, to avoid visible artefacts during decompression.
 72   404C ED B0        		ldir
 73   404E EB           		ex		de, hl
 74   404F 2B           		dec		hl
 75   4050 11 FF FF     		ld		de, $FFFF
 76   4053 CD 00 40     		call	Decompress
 77   4056
 78   4056              	;Unpack screen
 79   4056 E1           	pop		hl
 80   4057 11 05 5B     	ld		de, $5B00 + 5		;Include main block delta.
 81   405A CD 00 40     	call	Decompress
 82   405D
 83   405D              ;-----------------------------------------------------------------------------
 84   405D
 85   405D              ; 0s&1s: Snapshot state restore implementation is based on the implementation specified below.
 86   405D              ; Snapshot loader for the Spectrum +3
 87   405D              ; Copyright 2005 John Elliott <jce@seasip.demon.co.uk>
 88   405D
 89   405D
 90   405D              ;restore registers
 91   405D              ; Load the registers from the SNA header. Do this by pointing SP at HL' and
 92   405D              ; popping them off.
 93   405D
 94   405D 31 CD 40     	ld	sp, REG_HL1
 95   4060 E1           	pop	hl
 96   4061 D1           	pop	de
 97   4062 C1           	pop	bc
 98   4063 F1           	pop	af
 99   4064 08           	ex	af,af'
100   4065 D9           	exx			;Alternates done
101   4066 E1           	pop	hl
102   4067 D1           	pop	de
103   4068 C1           	pop	bc
104   4069 FD E1        	pop	iy
105   406B DD E1        	pop	ix
106   406D F1           	pop	af		;IFF and R ignore.
107   406E
108   406E 3A E6 40     	ld	a, (REG_BDR)
109   4071 D3 FE        	out	($FE), a
110   4073
111   4073 3A CA 40     	ld	a, (InstrIM)
112   4076 32 7A 40     	ld	(SetIM), a
113   4079              SetIM EQU $+1
114   4079 ED 46        	im	0
115   407B
116   407B 3A CC 40     	ld	a,(REG_I)	;Retrieve I and R
117   407E ED 47        	ld	i,a
118   4080 3A E0 40     	ld	a,(REG_R)
119   4083 ED 4F        	ld	r,a
120   4085
121   4085 3A CB 40     	ld	a, (InstrDIEI)
122   4088 32 BF 40     	ld	(finalDIEI),a	;Stored interrupt state
123   408B
124   408B F1           	pop		af
125   408C ED 7B E3 40  	ld		sp, (REG_SP)
126   4090
127   4090              ;---------------------------------------------------------------------------
128   4090
129   4090              	;Move final stage code to game stack and restore screen part used by code.
130   4090 E5           	push	hl
131   4091 D5           	push	de
132   4092 C5           	push	bc
133   4093 F5           	push	af
134   4094
135   4094 2A E3 40     	ld		hl, (REG_SP)
136   4097 01 DA FF     	ld		bc, FinalStageStart - FinalStageEnd - 5*2
137   409A 09           	add		hl, bc
138   409B EB           	ex		de, hl
139   409C 21 A6 40     	ld		hl, FinalStageStart
140   409F D5           	push	de
141   40A0 01 1C 00     	ld		bc, FinalStageEnd - FinalStageStart
142   40A3 ED B0        	ldir
143   40A5 C9           	ret
144   40A6
145   40A6              FinalStageStart:
146   40A6 2A C6 40     	ld		hl, (GapAddr)
147   40A9 3A C9 40     	ld		a, (GapValue)
148   40AC 4F           	ld		c, a
149   40AD 11 00 40     	ld		de, 16384
150   40B0 3A C8 40     	ld		a, (GapLen)
151   40B3 47           	ld		b, a
152   40B4
153   40B4              RestoreGap:
154   40B4 7E           	ld		a, (hl)
155   40B5 12           	ld		(de), a
156   40B6 71           	ld		(hl), c
157   40B7 23           	inc		hl
158   40B8 13           	inc		de
159   40B9 10 F9        	djnz	RestoreGap
160   40BB
161   40BB F1           	pop		af
162   40BC C1           	pop		bc
163   40BD D1           	pop		de
164   40BE E1           	pop		hl
165   40BF
166   40BF              finalDIEI:
167   40BF 00           	nop				;Is set to EI or DI by stage 2 loader.
168   40C0 ED 45        	retn			;Retrieves snapshot PC.
169   40C2              FinalStageEnd:
170   40C2
171   40C2              ;---------------------------------------------------------------------
172   40C2
173   40C2 00 00        PackedLenScr	DW 0
174   40C4 00 00        PackedLenMain	DW 0
175   40C6 00 00        GapAddr			DW 0
176   40C8 00           GapLen			DB 0
177   40C9 00           GapValue		DB 0
178   40CA 00           InstrIM			DB 0
179   40CB 00           InstrDIEI		DB 0
180   40CC
181   40CC 00           REG_I		DB 0
182   40CD 00 00        REG_HL1		DW 0
183   40CF 00 00        REG_DE1		DW 0
184   40D1 00 00        REG_BC1		DW 0
185   40D3 00 00        REG_AF1		DW 0
186   40D5 00 00        REG_HL		DW 0
187   40D7 00 00        REG_DE		DW 0
188   40D9 00 00        REG_BC		DW 0
189   40DB 00 00        REG_IY		DW 0
190   40DD 00 00        REG_IX		DW 0
191   40DF 00           REG_IFF		DB 0
192   40E0 00           REG_R		DB 0
193   40E1 00 00        REG_AF		DW 0
194   40E3 00 00        REG_SP		DW 0
195   40E5 00           REG_IM		DB 0
196   40E6 00           REG_BDR		DB 0
197   40E7
198   40E7 00 00 00...  	BLOCK StackEntries * 2
199   40F1              Stack:
200   40F1
201   40F1              End:
# file closed: sna2tapldr.asm
