# file opened: sna2tapldr.asm
  1   0000              	DEVICE ZXSPECTRUM48
  2   0000
  3   0000              Loader		EQU 16384
  4   0000              ScrDelta	EQU	6
  5   0000
  6   0000              	ORG	Loader - (StartFixed-Start)
  7   3FE0
  8   3FE0              Start:
  9   3FE0 F3           	di
 10   3FE1 31 00 00     	ld		sp, 0
 11   3FE4 21 20 00     	ld		hl, StartFixed-Start
 12   3FE7 09           	add		hl, bc
 13   3FE8 11 00 40     	ld		de, StartFixed
 14   3FEB 01 FA 00     	ld		bc, End-StartFixed
 15   3FEE ED B0        	ldir
 16   3FF0
 17   3FF0 E5           	push	hl				;HL = start of main compressed block
 18   3FF1 11 F9 5A     		ld		de, $5B00-1-ScrDelta
 19   3FF4 ED 4B CF 40  		ld		bc, (PackedLenTotal)
 20   3FF8 09           		add		hl, bc
 21   3FF9 2B           		dec		hl
 22   3FFA CD 00 40     		call	Decompress ;DE = unpacked screen start
 23   3FFD C3 45 40     		jp		UnpackMain
 24   4000
 25   4000              StartFixed:
 26   4000              Decompress:
 27   4000              	include "dzx0_standard_back.asm"
# file opened: dzx0_standard_back.asm
  1+  4000              ; -----------------------------------------------------------------------------
  2+  4000              ; ZX0 decoder by Einar Saukas
  3+  4000              ; "Standard" version (69 bytes only) - BACKWARDS VARIANT
  4+  4000              ; -----------------------------------------------------------------------------
  5+  4000              ; Parameters:
  6+  4000              ;   HL: last source address (compressed data)
  7+  4000              ;   DE: last destination address (decompressing)
  8+  4000              ; -----------------------------------------------------------------------------
  9+  4000
 10+  4000              dzx0_standard_back:
 11+  4000 01 01 00             ld      bc, 1                   ; preserve default offset 1
 12+  4003 C5                   push    bc
 13+  4004 3E 80                ld      a, $80
 14+  4006              dzx0sb_literals:
 15+  4006 CD 3C 40             call    dzx0sb_elias            ; obtain length
 16+  4009 ED B8                lddr                            ; copy literals
 17+  400B 0C                   inc     c
 18+  400C 87                   add     a, a                    ; copy from last offset or new offset?
 19+  400D 38 0E                jr      c, dzx0sb_new_offset
 20+  400F CD 3C 40             call    dzx0sb_elias            ; obtain length
 21+  4012              dzx0sb_copy:
 22+  4012 E3                   ex      (sp), hl                ; preserve source, restore offset
 23+  4013 E5                   push    hl                      ; preserve offset
 24+  4014 19                   add     hl, de                  ; calculate destination - offset
 25+  4015 ED B8                lddr                            ; copy from offset
 26+  4017 0C                   inc     c
 27+  4018 E1                   pop     hl                      ; restore offset
 28+  4019 E3                   ex      (sp), hl                ; preserve offset, restore source
 29+  401A 87                   add     a, a                    ; copy from literals or new offset?
 30+  401B 30 E9                jr      nc, dzx0sb_literals
 31+  401D              dzx0sb_new_offset:
 32+  401D 33                   inc     sp                      ; discard last offset
 33+  401E 33                   inc     sp
 34+  401F CD 3C 40             call    dzx0sb_elias            ; obtain offset MSB
 35+  4022 05                   dec     b
 36+  4023 C8                   ret     z                       ; check end marker
 37+  4024 0D                   dec     c                       ; adjust for positive offset
 38+  4025 41                   ld      b, c
 39+  4026 4E                   ld      c, (hl)                 ; obtain offset LSB
 40+  4027 2B                   dec     hl
 41+  4028 CB 38                srl     b                       ; last offset bit becomes first length bit
 42+  402A CB 19                rr      c
 43+  402C 03                   inc     bc
 44+  402D C5                   push    bc                      ; preserve new offset
 45+  402E 01 01 00             ld      bc, 1                   ; obtain length
 46+  4031 DC 37 40             call    c, dzx0sb_elias_backtrack
 47+  4034 03                   inc     bc
 48+  4035 18 DB                jr      dzx0sb_copy
 49+  4037              dzx0sb_elias_backtrack:
 50+  4037 87                   add     a, a
 51+  4038 CB 11                rl      c
 52+  403A CB 10                rl      b
 53+  403C              dzx0sb_elias:
 54+  403C 87                   add     a, a                    ; inverted interlaced Elias gamma coding
 55+  403D 20 03                jr      nz, dzx0sb_elias_skip
 56+  403F 7E                   ld      a, (hl)                 ; load another group of 8 bits
 57+  4040 2B                   dec     hl
 58+  4041 17                   rla
 59+  4042              dzx0sb_elias_skip:
 60+  4042 38 F3                jr      c, dzx0sb_elias_backtrack
 61+  4044 C9                   ret
 62+  4045              ; -----------------------------------------------------------------------------
 63+  4045
# file closed: dzx0_standard_back.asm
 28   4045
 29   4045              UnpackMain:
 30   4045              	;Move main block lower in RAM to avoid overwriting when unpacking.
 31   4045 E1           	pop		hl					;HL = start of main compressed block
 32   4046 ED 4B D1 40  	ld		bc, (PackedLenMain)
 33   404A 11 FA 5A     	ld		de, $5B00-ScrDelta			;Max delta of 6 should be enough.
 34   404D 31 FA 40     	ld		sp, Stack
 35   4050 D5           	push	de
 36   4051 ED B0        		ldir
 37   4053 EB           		ex		de, hl
 38   4054 2B           		dec		hl
 39   4055 11 FF FF     		ld		de, $FFFF
 40   4058 CD 00 40     		call	Decompress
 41   405B D1           	pop	de
 42   405C 2A D3 40     	ld	hl, (GapAddr)
 43   405F 01 06 00     	ld	bc, ScrDelta
 44   4062 ED B0        	ldir
 45   4064              	;ld	(GapAddr), hl					;Save start of screen for later.
 46   4064
 47   4064              ;-----------------------------------------------------------------------------
 48   4064
 49   4064              ; 0s&1s: Snapshot state restore implementation is based on the implementation below.
 50   4064              ; Snapshot loader for the Spectrum +3
 51   4064              ; Copyright 2005 John Elliott <jce@seasip.demon.co.uk>
 52   4064
 53   4064 3A D8 40     	ld	a, (InstrDIEI)
 54   4067 32 97 40     	ld	(finalDIEI),a	;Stored interrupt state
 55   406A
 56   406A              ;restore registers
 57   406A              ; Load the registers from the SNA header. Do this by pointing SP at HL' and
 58   406A              ; popping them off.
 59   406A
 60   406A 31 DA 40     	ld	sp, REG_HL1
 61   406D E1           	pop	hl
 62   406E D1           	pop	de
 63   406F C1           	pop	bc
 64   4070 F1           	pop	af
 65   4071 08           	ex	af,af'
 66   4072 D9           	exx			;Alternates done
 67   4073 E1           	pop	hl
 68   4074 D1           	pop	de
 69   4075 C1           	pop	bc
 70   4076 FD E1        	pop	iy
 71   4078 DD E1        	pop	ix
 72   407A F1           	pop	af		;IFF and R ignore.
 73   407B
 74   407B 3A F3 40     	ld	a, (REG_BDR)
 75   407E D3 FE        	out	($FE), a
 76   4080
 77   4080 3A D7 40     	ld	a, (InstrIM)
 78   4083 32 87 40     	ld	(SetIM), a
 79   4086              SetIM EQU $+1
 80   4086 ED 46        	im	0
 81   4088
 82   4088 3A D9 40     	ld	a,(REG_I)	;Retrieve I and R
 83   408B ED 47        	ld	i,a
 84   408D 3A ED 40     	ld	a,(REG_R)
 85   4090 ED 4F        	ld	r,a
 86   4092
 87   4092 F1           	pop		af
 88   4093 ED 7B F0 40  	ld		sp, (REG_SP)
 89   4097              finalDIEI:
 90   4097 00           	nop				;Is set to EI or DI by stage 2 loader.
 91   4098
 92   4098              	;move relocatable code to stack and restore screen
 93   4098 E5           	push	hl
 94   4099 D5           	push	de
 95   409A C5           	push	bc
 96   409B F5           	push	af
 97   409C 2A F0 40     	ld		hl, (REG_SP)
 98   409F 01 D5 FF     	ld		bc, FinalStageStart - FinalStageEnd - 5*2
 99   40A2 09           	add		hl, bc
100   40A3 EB           	ex		de, hl
101   40A4 21 AE 40     	ld		hl, FinalStageStart
102   40A7 D5           	push	de
103   40A8 01 21 00     	ld		bc, FinalStageEnd - FinalStageStart
104   40AB ED B0        	ldir
105   40AD C9           	ret
106   40AE
107   40AE              FinalStageStart:
108   40AE 2A D3 40     	ld		hl, (GapAddr)
109   40B1 3A D6 40     	ld		a, (GapValue)
110   40B4 4F           	ld		c, a
111   40B5 06 06        	ld		b, ScrDelta
112   40B7              RestoreGapScr:
113   40B7 71           	ld		(hl), c
114   40B8 23           	inc		hl
115   40B9 10 FC        	djnz	RestoreGapScr
116   40BB
117   40BB 11 00 40     	ld		de, 16384
118   40BE 3A D5 40     	ld		a, (GapLen)
119   40C1 47           	ld		b, a
120   40C2
121   40C2              RestoreGap:
122   40C2 7E           	ld		a, (hl)
123   40C3 12           	ld		(de), a
124   40C4 71           	ld		(hl), c
125   40C5 23           	inc		hl
126   40C6 13           	inc		de
127   40C7 10 F9        	djnz	RestoreGap
128   40C9
129   40C9 F1           	pop		af
130   40CA C1           	pop		bc
131   40CB D1           	pop		de
132   40CC E1           	pop		hl
133   40CD ED 45        	retn			;Retrieves snapshot PC.
134   40CF              FinalStageEnd:
135   40CF
136   40CF 00 00        PackedLenTotal	DW 0
137   40D1 00 00        PackedLenMain	DW 0
138   40D3 00 00        GapAddr			DW 0
139   40D5 00           GapLen			DB 0
140   40D6 00           GapValue		DB 0
141   40D7 00           InstrIM			DB 0
142   40D8 00           InstrDIEI		DB 0
143   40D9
144   40D9 00           REG_I		DB 0
145   40DA 00 00        REG_HL1		DW 0
146   40DC 00 00        REG_DE1		DW 0
147   40DE 00 00        REG_BC1		DW 0
148   40E0 00 00        REG_AF1		DW 0
149   40E2 00 00        REG_HL		DW 0
150   40E4 00 00        REG_DE		DW 0
151   40E6 00 00        REG_BC		DW 0
152   40E8 00 00        REG_IY		DW 0
153   40EA 00 00        REG_IX		DW 0
154   40EC 00           REG_IFF		DB 0
155   40ED 00           REG_R		DB 0
156   40EE 00 00        REG_AF		DW 0
157   40F0 00 00        REG_SP		DW 0
158   40F2 00           REG_IM		DB 0
159   40F3 00           REG_BDR		DB 0
160   40F4
161   40F4              STACK_ENTRIES EQU 3
162   40F4 00 00 00...  	BLOCK STACK_ENTRIES * 2
163   40FA              Stack:
164   40FA
165   40FA              End:
# file closed: sna2tapldr.asm
